{"language":"typescript","backendFramework":"express","packageManager":"pnpm"}
