{"language":"python","backendFramework":"fastapi","packageManager":"pnpm"}
