{"language":"python","backendFramework":"none","packageManager":"pnpm"}
